Testing imports...
python : Traceback (most recent call last):
At line:1 char:20
+ cd project_simple; python test_quick.py 2>&1 | tee test_output.txt
+                    ~~~~~~~~~~~~~~~~~~~~~~~~~
    + CategoryInfo          : NotSpecified: (Traceback (most recent call last)::String) [], Remot 
   eException
    + FullyQualifiedErrorId : NativeCommandError
 
  File "C:\Users\LENOVO\TrapzLearn\project_simple\test_quick.py", line 9, in <module>
    print(" \u2705")
    ~~~~~^^^^^^^
  File "C:\Users\LENOVO\AppData\Local\Programs\Python\Python313\Lib\encodings\cp1252.py", line 
19, in encode
    return codecs.charmap_encode(input,self.errors,encoding_table)[0]
           ~~~~~~~~~~~~~~~~~~~~~^^^^^^^^^^^^^^^^^^^^^^^^^^^^^^^^^^
UnicodeEncodeError: 'charmap' codec can't encode character '\u2705' in position 1: character maps 
to <undefined>

During handling of the above exception, another exception occurred:

Traceback (most recent call last):
  File "C:\Users\LENOVO\TrapzLearn\project_simple\test_quick.py", line 11, in <module>
    print(f" \u274c {e}")
    ~~~~~^^^^^^^^^^^^
  File "C:\Users\LENOVO\AppData\Local\Programs\Python\Python313\Lib\encodings\cp1252.py", line 
19, in encode
    return codecs.charmap_encode(input,self.errors,encoding_table)[0]
           ~~~~~~~~~~~~~~~~~~~~~^^^^^^^^^^^^^^^^^^^^^^^^^^^^^^^^^^
UnicodeEncodeError: 'charmap' codec can't encode character '\u274c' in position 1: character maps 
to <undefined>
1. config_manager...
